Archive member included because of file (symbol)

c:/program files/gnu tools arm embedded/4.7 2013q1/bin/../lib/gcc/arm-none-eabi/4.7.3/armv7-m\libgcc.a(_arm_addsubdf3.o)
                              ..\obj\stm3210b_eval_lcd.o (__aeabi_ui2d)
c:/program files/gnu tools arm embedded/4.7 2013q1/bin/../lib/gcc/arm-none-eabi/4.7.3/armv7-m\libgcc.a(_arm_cmpdf2.o)
                              ..\obj\stm3210b_eval_lcd.o (__aeabi_dcmplt)
..\..\..\..\..\..\..\..\..\Program Files\GNU Tools ARM Embedded\4.7 2013q1\arm-none-eabi\lib\armv7-m\libc_s.a(lib_a-memcpy.o)
                              ..\obj\queue.o (memcpy)
..\..\..\..\..\..\..\..\..\Program Files\GNU Tools ARM Embedded\4.7 2013q1\arm-none-eabi\lib\armv7-m\libc_s.a(lib_a-memset.o)
                              ..\obj\tasks.o (memset)
..\..\..\..\..\..\..\..\..\Program Files\GNU Tools ARM Embedded\4.7 2013q1\arm-none-eabi\lib\armv7-m\libc_s.a(lib_a-strcat.o)
                              ..\obj\tasks.o (strcat)
..\..\..\..\..\..\..\..\..\Program Files\GNU Tools ARM Embedded\4.7 2013q1\arm-none-eabi\lib\armv7-m\libc_s.a(lib_a-strlen.o)
                              ..\obj\tasks.o (strlen)
..\..\..\..\..\..\..\..\..\Program Files\GNU Tools ARM Embedded\4.7 2013q1\arm-none-eabi\lib\armv7-m\libc_s.a(lib_a-strncpy.o)
                              ..\obj\tasks.o (strncpy)

Discarded input sections

 .text          0x00000000        0x0 ..\obj\stm3210e_eval.o
 .data          0x00000000        0x0 ..\obj\stm3210e_eval.o
 .bss           0x00000000        0x0 ..\obj\stm3210e_eval.o
 .debug_info    0x00000000       0x7a ..\obj\stm3210e_eval.o
 .debug_abbrev  0x00000000       0x3c ..\obj\stm3210e_eval.o
 .debug_aranges
                0x00000000       0x18 ..\obj\stm3210e_eval.o
 .debug_line    0x00000000       0x7a ..\obj\stm3210e_eval.o
 .debug_str     0x00000000      0x155 ..\obj\stm3210e_eval.o
 .comment       0x00000000       0x71 ..\obj\stm3210e_eval.o
 .ARM.attributes
                0x00000000       0x33 ..\obj\stm3210e_eval.o
 .text          0x00000000        0x0 ..\obj\core_cm3.o
 .data          0x00000000        0x0 ..\obj\core_cm3.o
 .bss           0x00000000        0x0 ..\obj\core_cm3.o
 .text.__get_PSP
                0x00000000       0x10 ..\obj\core_cm3.o
 .text.__set_PSP
                0x00000000        0x8 ..\obj\core_cm3.o
 .text.__get_MSP
                0x00000000       0x10 ..\obj\core_cm3.o
 .text.__set_MSP
                0x00000000        0x8 ..\obj\core_cm3.o
 .text.__get_BASEPRI
                0x00000000       0x20 ..\obj\core_cm3.o
 .text.__set_BASEPRI
                0x00000000       0x18 ..\obj\core_cm3.o
 .text.__get_PRIMASK
                0x00000000       0x20 ..\obj\core_cm3.o
 .text.__set_PRIMASK
                0x00000000       0x18 ..\obj\core_cm3.o
 .text.__get_FAULTMASK
                0x00000000       0x20 ..\obj\core_cm3.o
 .text.__set_FAULTMASK
                0x00000000       0x18 ..\obj\core_cm3.o
 .text.__get_CONTROL
                0x00000000       0x20 ..\obj\core_cm3.o
 .text.__set_CONTROL
                0x00000000       0x18 ..\obj\core_cm3.o
 .text.__REV    0x00000000       0x24 ..\obj\core_cm3.o
 .text.__REV16  0x00000000       0x24 ..\obj\core_cm3.o
 .text.__REVSH  0x00000000       0x24 ..\obj\core_cm3.o
 .text.__RBIT   0x00000000       0x24 ..\obj\core_cm3.o
 .text.__LDREXB
                0x00000000       0x24 ..\obj\core_cm3.o
 .text.__LDREXH
                0x00000000       0x24 ..\obj\core_cm3.o
 .text.__LDREXW
                0x00000000       0x24 ..\obj\core_cm3.o
 .text.__STREXB
                0x00000000       0x2c ..\obj\core_cm3.o
 .text.__STREXH
                0x00000000       0x2c ..\obj\core_cm3.o
 .text.__STREXW
                0x00000000       0x28 ..\obj\core_cm3.o
 .debug_info    0x00000000      0x55e ..\obj\core_cm3.o
 .debug_abbrev  0x00000000       0xe4 ..\obj\core_cm3.o
 .debug_loc     0x00000000      0x3f0 ..\obj\core_cm3.o
 .debug_aranges
                0x00000000       0xc8 ..\obj\core_cm3.o
 .debug_ranges  0x00000000       0xb8 ..\obj\core_cm3.o
 .debug_line    0x00000000      0x2ae ..\obj\core_cm3.o
 .debug_str     0x00000000      0x28a ..\obj\core_cm3.o
 .comment       0x00000000       0x71 ..\obj\core_cm3.o
 .ARM.attributes
                0x00000000       0x33 ..\obj\core_cm3.o
 .debug_frame   0x00000000      0x280 ..\obj\core_cm3.o
 .text          0x00000000        0x0 ..\obj\system_stm32f10x.o
 .data          0x00000000       0x14 ..\obj\system_stm32f10x.o
 .bss           0x00000000        0x0 ..\obj\system_stm32f10x.o
 .text.SystemCoreClockUpdate
                0x00000000      0x148 ..\obj\system_stm32f10x.o
 .text          0x00000000        0x0 ..\obj\startup_stm32f10x_md.o
 .data          0x00000000        0x0 ..\obj\startup_stm32f10x_md.o
 .bss           0x00000000        0x0 ..\obj\startup_stm32f10x_md.o
 .text          0x00000000        0x0 ..\obj\stm32f10x_gpio.o
 .data          0x00000000        0x0 ..\obj\stm32f10x_gpio.o
 .bss           0x00000000        0x0 ..\obj\stm32f10x_gpio.o
 .text.GPIO_DeInit
                0x00000000      0x128 ..\obj\stm32f10x_gpio.o
 .text.GPIO_AFIODeInit
                0x00000000       0x20 ..\obj\stm32f10x_gpio.o
 .text.GPIO_StructInit
                0x00000000       0x2c ..\obj\stm32f10x_gpio.o
 .text.GPIO_ReadInputDataBit
                0x00000000       0x3c ..\obj\stm32f10x_gpio.o
 .text.GPIO_ReadInputData
                0x00000000       0x1c ..\obj\stm32f10x_gpio.o
 .text.GPIO_ReadOutputDataBit
                0x00000000       0x3c ..\obj\stm32f10x_gpio.o
 .text.GPIO_ReadOutputData
                0x00000000       0x1c ..\obj\stm32f10x_gpio.o
 .text.GPIO_SetBits
                0x00000000       0x1c ..\obj\stm32f10x_gpio.o
 .text.GPIO_ResetBits
                0x00000000       0x1c ..\obj\stm32f10x_gpio.o
 .text.GPIO_WriteBit
                0x00000000       0x30 ..\obj\stm32f10x_gpio.o
 .text.GPIO_Write
                0x00000000       0x1c ..\obj\stm32f10x_gpio.o
 .text.GPIO_PinLockConfig
                0x00000000       0x44 ..\obj\stm32f10x_gpio.o
 .text.GPIO_EventOutputConfig
                0x00000000       0x54 ..\obj\stm32f10x_gpio.o
 .text.GPIO_EventOutputCmd
                0x00000000       0x20 ..\obj\stm32f10x_gpio.o
 .text.GPIO_PinRemapConfig
                0x00000000      0x120 ..\obj\stm32f10x_gpio.o
 .text.GPIO_EXTILineConfig
                0x00000000       0xb0 ..\obj\stm32f10x_gpio.o
 .text.GPIO_ETH_MediaInterfaceConfig
                0x00000000       0x20 ..\obj\stm32f10x_gpio.o
 .text          0x00000000        0x0 ..\obj\stm32100e_eval.o
 .data          0x00000000        0x0 ..\obj\stm32100e_eval.o
 .bss           0x00000000        0x0 ..\obj\stm32100e_eval.o
 .debug_info    0x00000000       0x7a ..\obj\stm32100e_eval.o
 .debug_abbrev  0x00000000       0x3c ..\obj\stm32100e_eval.o
 .debug_aranges
                0x00000000       0x18 ..\obj\stm32100e_eval.o
 .debug_line    0x00000000       0x7a ..\obj\stm32100e_eval.o
 .debug_str     0x00000000      0x157 ..\obj\stm32100e_eval.o
 .comment       0x00000000       0x71 ..\obj\stm32100e_eval.o
 .ARM.attributes
                0x00000000       0x33 ..\obj\stm32100e_eval.o
 .text          0x00000000        0x0 ..\obj\main.o
 .data          0x00000000        0x0 ..\obj\main.o
 .bss           0x00000000        0x0 ..\obj\main.o
 .text.vApplicationStackOverflowHook
                0x00000000        0xc ..\obj\main.o
 .text.assert_failed
                0x00000000        0xc ..\obj\main.o
 .text          0x00000000        0x0 ..\obj\stm32100b_eval.o
 .data          0x00000000        0x0 ..\obj\stm32100b_eval.o
 .bss           0x00000000        0x0 ..\obj\stm32100b_eval.o
 .debug_info    0x00000000       0x7a ..\obj\stm32100b_eval.o
 .debug_abbrev  0x00000000       0x3c ..\obj\stm32100b_eval.o
 .debug_aranges
                0x00000000       0x18 ..\obj\stm32100b_eval.o
 .debug_line    0x00000000       0x7a ..\obj\stm32100b_eval.o
 .debug_str     0x00000000      0x157 ..\obj\stm32100b_eval.o
 .comment       0x00000000       0x71 ..\obj\stm32100b_eval.o
 .ARM.attributes
                0x00000000       0x33 ..\obj\stm32100b_eval.o
 .text          0x00000000        0x0 ..\obj\timers.o
 .data          0x00000000        0x0 ..\obj\timers.o
 .bss           0x00000000        0x0 ..\obj\timers.o
 .debug_info    0x00000000       0x4b ..\obj\timers.o
 .debug_abbrev  0x00000000       0x24 ..\obj\timers.o
 .debug_aranges
                0x00000000       0x18 ..\obj\timers.o
 .debug_line    0x00000000       0x1d ..\obj\timers.o
 .debug_str     0x00000000       0xfb ..\obj\timers.o
 .comment       0x00000000       0x71 ..\obj\timers.o
 .ARM.attributes
                0x00000000       0x33 ..\obj\timers.o
 .text          0x00000000        0x0 ..\obj\stm3210e_eval_lcd.o
 .data          0x00000000        0x0 ..\obj\stm3210e_eval_lcd.o
 .bss           0x00000000        0x0 ..\obj\stm3210e_eval_lcd.o
 .debug_info    0x00000000       0x7a ..\obj\stm3210e_eval_lcd.o
 .debug_abbrev  0x00000000       0x3c ..\obj\stm3210e_eval_lcd.o
 .debug_aranges
                0x00000000       0x18 ..\obj\stm3210e_eval_lcd.o
 .debug_line    0x00000000       0x7a ..\obj\stm3210e_eval_lcd.o
 .debug_str     0x00000000      0x159 ..\obj\stm3210e_eval_lcd.o
 .comment       0x00000000       0x71 ..\obj\stm3210e_eval_lcd.o
 .ARM.attributes
                0x00000000       0x33 ..\obj\stm3210e_eval_lcd.o
 .text          0x00000000        0x0 ..\obj\stm3210c_eval.o
 .data          0x00000000        0x0 ..\obj\stm3210c_eval.o
 .bss           0x00000000        0x0 ..\obj\stm3210c_eval.o
 .debug_info    0x00000000       0x7a ..\obj\stm3210c_eval.o
 .debug_abbrev  0x00000000       0x3c ..\obj\stm3210c_eval.o
 .debug_aranges
                0x00000000       0x18 ..\obj\stm3210c_eval.o
 .debug_line    0x00000000       0x7a ..\obj\stm3210c_eval.o
 .debug_str     0x00000000      0x155 ..\obj\stm3210c_eval.o
 .comment       0x00000000       0x71 ..\obj\stm3210c_eval.o
 .ARM.attributes
                0x00000000       0x33 ..\obj\stm3210c_eval.o
 .text          0x00000000        0x0 ..\obj\printf.o
 .data          0x00000000      0x430 ..\obj\printf.o
 .bss           0x00000000        0x0 ..\obj\printf.o
 .text.PrintChar
                0x00000000       0x14 ..\obj\printf.o
 .text.PutChar  0x00000000       0x24 ..\obj\printf.o
 .text.PutString
                0x00000000       0x48 ..\obj\printf.o
 .text.PutUnsignedInt
                0x00000000       0xbc ..\obj\printf.o
 .text.PutSignedInt
                0x00000000      0x12c ..\obj\printf.o
 .text.PutHexa  0x00000000       0xe8 ..\obj\printf.o
 .text.vsnprintf
                0x00000000      0x2a4 ..\obj\printf.o
 .text.snprintf
                0x00000000       0x34 ..\obj\printf.o
 .text.vsprintf
                0x00000000       0x28 ..\obj\printf.o
 .rodata        0x00000000       0x24 ..\obj\printf.o
 .text.vfprintf
                0x00000000       0x6c ..\obj\printf.o
 .text.vprintf  0x00000000       0x2c ..\obj\printf.o
 .text.fprintf  0x00000000       0x30 ..\obj\printf.o
 .text.printf   0x00000000       0x2c ..\obj\printf.o
 .text.sprintf  0x00000000       0x30 ..\obj\printf.o
 .text.puts     0x00000000       0x44 ..\obj\printf.o
 .text.fputc    0x00000000       0x4c ..\obj\printf.o
 .text.fputs    0x00000000       0x50 ..\obj\printf.o
 .debug_info    0x00000000      0xf72 ..\obj\printf.o
 .debug_abbrev  0x00000000      0x262 ..\obj\printf.o
 .debug_loc     0x00000000      0x3ea ..\obj\printf.o
 .debug_aranges
                0x00000000       0xa0 ..\obj\printf.o
 .debug_ranges  0x00000000       0x90 ..\obj\printf.o
 .debug_line    0x00000000      0x40b ..\obj\printf.o
 .debug_str     0x00000000      0x674 ..\obj\printf.o
 .comment       0x00000000       0x71 ..\obj\printf.o
 .ARM.attributes
                0x00000000       0x33 ..\obj\printf.o
 .debug_frame   0x00000000      0x244 ..\obj\printf.o
 .text          0x00000000        0x0 ..\obj\stm32f10x_rcc.o
 .data          0x00000000       0x14 ..\obj\stm32f10x_rcc.o
 .bss           0x00000000        0x0 ..\obj\stm32f10x_rcc.o
 .text.RCC_DeInit
                0x00000000       0x9c ..\obj\stm32f10x_rcc.o
 .text.RCC_HSEConfig
                0x00000000       0x88 ..\obj\stm32f10x_rcc.o
 .text.RCC_WaitForHSEStartUp
                0x00000000       0x64 ..\obj\stm32f10x_rcc.o
 .text.RCC_AdjustHSICalibrationValue
                0x00000000       0x48 ..\obj\stm32f10x_rcc.o
 .text.RCC_HSICmd
                0x00000000       0x20 ..\obj\stm32f10x_rcc.o
 .text.RCC_PLLConfig
                0x00000000       0x48 ..\obj\stm32f10x_rcc.o
 .text.RCC_PLLCmd
                0x00000000       0x20 ..\obj\stm32f10x_rcc.o
 .text.RCC_SYSCLKConfig
                0x00000000       0x40 ..\obj\stm32f10x_rcc.o
 .text.RCC_GetSYSCLKSource
                0x00000000       0x20 ..\obj\stm32f10x_rcc.o
 .text.RCC_HCLKConfig
                0x00000000       0x40 ..\obj\stm32f10x_rcc.o
 .text.RCC_PCLK1Config
                0x00000000       0x40 ..\obj\stm32f10x_rcc.o
 .text.RCC_PCLK2Config
                0x00000000       0x44 ..\obj\stm32f10x_rcc.o
 .text.RCC_ITConfig
                0x00000000       0x60 ..\obj\stm32f10x_rcc.o
 .text.RCC_USBCLKConfig
                0x00000000       0x20 ..\obj\stm32f10x_rcc.o
 .text.RCC_ADCCLKConfig
                0x00000000       0x40 ..\obj\stm32f10x_rcc.o
 .text.RCC_LSEConfig
                0x00000000       0x60 ..\obj\stm32f10x_rcc.o
 .text.RCC_LSICmd
                0x00000000       0x20 ..\obj\stm32f10x_rcc.o
 .text.RCC_RTCCLKConfig
                0x00000000       0x2c ..\obj\stm32f10x_rcc.o
 .text.RCC_RTCCLKCmd
                0x00000000       0x20 ..\obj\stm32f10x_rcc.o
 .text.RCC_GetClocksFreq
                0x00000000      0x1d4 ..\obj\stm32f10x_rcc.o
 .text.RCC_AHBPeriphClockCmd
                0x00000000       0x54 ..\obj\stm32f10x_rcc.o
 .text.RCC_APB1PeriphClockCmd
                0x00000000       0x54 ..\obj\stm32f10x_rcc.o
 .text.RCC_APB2PeriphResetCmd
                0x00000000       0x54 ..\obj\stm32f10x_rcc.o
 .text.RCC_APB1PeriphResetCmd
                0x00000000       0x54 ..\obj\stm32f10x_rcc.o
 .text.RCC_BackupResetCmd
                0x00000000       0x20 ..\obj\stm32f10x_rcc.o
 .text.RCC_ClockSecuritySystemCmd
                0x00000000       0x20 ..\obj\stm32f10x_rcc.o
 .text.RCC_MCOConfig
                0x00000000       0x20 ..\obj\stm32f10x_rcc.o
 .text.RCC_GetFlagStatus
                0x00000000       0x90 ..\obj\stm32f10x_rcc.o
 .text.RCC_ClearFlag
                0x00000000       0x24 ..\obj\stm32f10x_rcc.o
 .text.RCC_GetITStatus
                0x00000000       0x40 ..\obj\stm32f10x_rcc.o
 .text.RCC_ClearITPendingBit
                0x00000000       0x20 ..\obj\stm32f10x_rcc.o
 .text          0x00000000        0x0 ..\obj\stm32f10x_exti.o
 .data          0x00000000        0x0 ..\obj\stm32f10x_exti.o
 .bss           0x00000000        0x0 ..\obj\stm32f10x_exti.o
 .text.EXTI_DeInit
                0x00000000       0x54 ..\obj\stm32f10x_exti.o
 .text.EXTI_Init
                0x00000000      0x138 ..\obj\stm32f10x_exti.o
 .text.EXTI_StructInit
                0x00000000       0x34 ..\obj\stm32f10x_exti.o
 .text.EXTI_GenerateSWInterrupt
                0x00000000       0x2c ..\obj\stm32f10x_exti.o
 .text.EXTI_GetFlagStatus
                0x00000000       0x3c ..\obj\stm32f10x_exti.o
 .text.EXTI_ClearFlag
                0x00000000       0x20 ..\obj\stm32f10x_exti.o
 .text.EXTI_GetITStatus
                0x00000000       0x58 ..\obj\stm32f10x_exti.o
 .text.EXTI_ClearITPendingBit
                0x00000000       0x20 ..\obj\stm32f10x_exti.o
 .debug_info    0x00000000      0x362 ..\obj\stm32f10x_exti.o
 .debug_abbrev  0x00000000      0x153 ..\obj\stm32f10x_exti.o
 .debug_loc     0x00000000      0x1b4 ..\obj\stm32f10x_exti.o
 .debug_aranges
                0x00000000       0x58 ..\obj\stm32f10x_exti.o
 .debug_ranges  0x00000000       0x48 ..\obj\stm32f10x_exti.o
 .debug_line    0x00000000      0x2eb ..\obj\stm32f10x_exti.o
 .debug_str     0x00000000      0x325 ..\obj\stm32f10x_exti.o
 .comment       0x00000000       0x71 ..\obj\stm32f10x_exti.o
 .ARM.attributes
                0x00000000       0x33 ..\obj\stm32f10x_exti.o
 .debug_frame   0x00000000       0xec ..\obj\stm32f10x_exti.o
 .text          0x00000000        0x0 ..\obj\tasks.o
 .text.vTaskDelay
                0x00000000       0x5c ..\obj\tasks.o
 .text.vTaskEndScheduler
                0x00000000       0x1c ..\obj\tasks.o
 .text.xTaskGetTickCount
                0x00000000       0x28 ..\obj\tasks.o
 .text.xTaskGetTickCountFromISR
                0x00000000       0x2c ..\obj\tasks.o
 .text.uxTaskGetNumberOfTasks
                0x00000000       0x18 ..\obj\tasks.o
 .text.vTaskList
                0x00000000       0xe8 ..\obj\tasks.o
 .text.vTaskPlaceOnEventList
                0x00000000       0x54 ..\obj\tasks.o
 .text.xTaskRemoveFromEventList
                0x00000000       0xc4 ..\obj\tasks.o
 .text.vTaskSetTimeOutState
                0x00000000       0x30 ..\obj\tasks.o
 .text.xTaskCheckForTimeOut
                0x00000000       0x90 ..\obj\tasks.o
 .text.vTaskMissedYield
                0x00000000       0x18 ..\obj\tasks.o
 .text.uxTaskGetTaskNumber
                0x00000000       0x30 ..\obj\tasks.o
 .text.vTaskSetTaskNumber
                0x00000000       0x24 ..\obj\tasks.o
 .text.prvAddCurrentTaskToDelayedList
                0x00000000       0x8c ..\obj\tasks.o
 .text.prvListTaskWithinSingleList
                0x00000000       0xc4 ..\obj\tasks.o
 .text.usTaskCheckFreeStackSpace
                0x00000000       0x38 ..\obj\tasks.o
 .text          0x00000000        0x0 ..\obj\fonts.o
 .data          0x00000000       0x20 ..\obj\fonts.o
 .bss           0x00000000        0x0 ..\obj\fonts.o
 .rodata        0x00000000     0x29d0 ..\obj\fonts.o
 .debug_info    0x00000000      0x19d ..\obj\fonts.o
 .debug_abbrev  0x00000000       0x93 ..\obj\fonts.o
 .debug_aranges
                0x00000000       0x18 ..\obj\fonts.o
 .debug_line    0x00000000      0x112 ..\obj\fonts.o
 .debug_str     0x00000000      0x1c8 ..\obj\fonts.o
 .comment       0x00000000       0x71 ..\obj\fonts.o
 .ARM.attributes
                0x00000000       0x33 ..\obj\fonts.o
 .text          0x00000000        0x0 ..\obj\stm32f10x_usart.o
 .data          0x00000000        0x0 ..\obj\stm32f10x_usart.o
 .bss           0x00000000        0x0 ..\obj\stm32f10x_usart.o
 .text.USART_DeInit
                0x00000000       0xd8 ..\obj\stm32f10x_usart.o
 .text.USART_Init
                0x00000000      0x1ac ..\obj\stm32f10x_usart.o
 .text.USART_StructInit
                0x00000000       0x44 ..\obj\stm32f10x_usart.o
 .text.USART_ClockInit
                0x00000000       0x58 ..\obj\stm32f10x_usart.o
 .text.USART_ClockStructInit
                0x00000000       0x34 ..\obj\stm32f10x_usart.o
 .text.USART_Cmd
                0x00000000       0x40 ..\obj\stm32f10x_usart.o
 .text.USART_ITConfig
                0x00000000       0xa4 ..\obj\stm32f10x_usart.o
 .text.USART_DMACmd
                0x00000000       0x48 ..\obj\stm32f10x_usart.o
 .text.USART_SetAddress
                0x00000000       0x38 ..\obj\stm32f10x_usart.o
 .text.USART_WakeUpConfig
                0x00000000       0x38 ..\obj\stm32f10x_usart.o
 .text.USART_ReceiverWakeUpCmd
                0x00000000       0x40 ..\obj\stm32f10x_usart.o
 .text.USART_LINBreakDetectLengthConfig
                0x00000000       0x38 ..\obj\stm32f10x_usart.o
 .text.USART_LINCmd
                0x00000000       0x40 ..\obj\stm32f10x_usart.o
 .text.USART_SendData
                0x00000000       0x28 ..\obj\stm32f10x_usart.o
 .text.USART_ReceiveData
                0x00000000       0x24 ..\obj\stm32f10x_usart.o
 .text.USART_SendBreak
                0x00000000       0x24 ..\obj\stm32f10x_usart.o
 .text.USART_SetGuardTime
                0x00000000       0x3c ..\obj\stm32f10x_usart.o
 .text.USART_SetPrescaler
                0x00000000       0x38 ..\obj\stm32f10x_usart.o
 .text.USART_SmartCardCmd
                0x00000000       0x40 ..\obj\stm32f10x_usart.o
 .text.USART_SmartCardNACKCmd
                0x00000000       0x40 ..\obj\stm32f10x_usart.o
 .text.USART_HalfDuplexCmd
                0x00000000       0x40 ..\obj\stm32f10x_usart.o
 .text.USART_OverSampling8Cmd
                0x00000000       0x48 ..\obj\stm32f10x_usart.o
 .text.USART_OneBitMethodCmd
                0x00000000       0x40 ..\obj\stm32f10x_usart.o
 .text.USART_IrDAConfig
                0x00000000       0x38 ..\obj\stm32f10x_usart.o
 .text.USART_IrDACmd
                0x00000000       0x40 ..\obj\stm32f10x_usart.o
 .text.USART_GetFlagStatus
                0x00000000       0x40 ..\obj\stm32f10x_usart.o
 .text.USART_ClearFlag
                0x00000000       0x24 ..\obj\stm32f10x_usart.o
 .text.USART_GetITStatus
                0x00000000       0xc4 ..\obj\stm32f10x_usart.o
 .text.USART_ClearITPendingBit
                0x00000000       0x44 ..\obj\stm32f10x_usart.o
 .debug_info    0x00000000      0xa82 ..\obj\stm32f10x_usart.o
 .debug_abbrev  0x00000000      0x164 ..\obj\stm32f10x_usart.o
 .debug_loc     0x00000000      0x658 ..\obj\stm32f10x_usart.o
 .debug_aranges
                0x00000000      0x100 ..\obj\stm32f10x_usart.o
 .debug_ranges  0x00000000       0xf0 ..\obj\stm32f10x_usart.o
 .debug_line    0x00000000      0x4e2 ..\obj\stm32f10x_usart.o
 .debug_str     0x00000000      0x657 ..\obj\stm32f10x_usart.o
 .comment       0x00000000       0x71 ..\obj\stm32f10x_usart.o
 .ARM.attributes
                0x00000000       0x33 ..\obj\stm32f10x_usart.o
 .debug_frame   0x00000000      0x344 ..\obj\stm32f10x_usart.o
 .text          0x00000000        0x0 ..\obj\list.o
 .data          0x00000000        0x0 ..\obj\list.o
 .bss           0x00000000        0x0 ..\obj\list.o
 .text.vListInsert
                0x00000000       0x74 ..\obj\list.o
 .text          0x00000000        0x0 ..\obj\syscalls.o
 .data          0x00000000        0x0 ..\obj\syscalls.o
 .bss           0x00000000        0x4 ..\obj\syscalls.o
 .text._sbrk    0x00000000       0x5c ..\obj\syscalls.o
 .text.link     0x00000000       0x1c ..\obj\syscalls.o
 .text._close   0x00000000       0x18 ..\obj\syscalls.o
 .text._fstat   0x00000000       0x24 ..\obj\syscalls.o
 .text._isatty  0x00000000       0x18 ..\obj\syscalls.o
 .text._lseek   0x00000000       0x1c ..\obj\syscalls.o
 .text._read    0x00000000       0x1c ..\obj\syscalls.o
 .text._write   0x00000000       0x1c ..\obj\syscalls.o
 .text.abort    0x00000000        0x8 ..\obj\syscalls.o
 .debug_info    0x00000000      0x443 ..\obj\syscalls.o
 .debug_abbrev  0x00000000       0xe4 ..\obj\syscalls.o
 .debug_loc     0x00000000      0x1ec ..\obj\syscalls.o
 .debug_aranges
                0x00000000       0x60 ..\obj\syscalls.o
 .debug_ranges  0x00000000       0x50 ..\obj\syscalls.o
 .debug_line    0x00000000      0x1bd ..\obj\syscalls.o
 .debug_str     0x00000000      0x2ec ..\obj\syscalls.o
 .comment       0x00000000       0x71 ..\obj\syscalls.o
 .ARM.attributes
                0x00000000       0x33 ..\obj\syscalls.o
 .debug_frame   0x00000000      0x108 ..\obj\syscalls.o
 .text          0x00000000        0x0 ..\obj\stm32f10x_flash.o
 .data          0x00000000        0x0 ..\obj\stm32f10x_flash.o
 .bss           0x00000000        0x0 ..\obj\stm32f10x_flash.o
 .text.FLASH_SetLatency
                0x00000000       0x40 ..\obj\stm32f10x_flash.o
 .text.FLASH_HalfCycleAccessCmd
                0x00000000       0x44 ..\obj\stm32f10x_flash.o
 .text.FLASH_PrefetchBufferCmd
                0x00000000       0x44 ..\obj\stm32f10x_flash.o
 .text.FLASH_Unlock
                0x00000000       0x30 ..\obj\stm32f10x_flash.o
 .text.FLASH_UnlockBank1
                0x00000000       0x30 ..\obj\stm32f10x_flash.o
 .text.FLASH_Lock
                0x00000000       0x24 ..\obj\stm32f10x_flash.o
 .text.FLASH_LockBank1
                0x00000000       0x24 ..\obj\stm32f10x_flash.o
 .text.FLASH_ErasePage
                0x00000000       0x90 ..\obj\stm32f10x_flash.o
 .text.FLASH_EraseAllPages
                0x00000000       0x80 ..\obj\stm32f10x_flash.o
 .text.FLASH_EraseAllBank1Pages
                0x00000000       0x80 ..\obj\stm32f10x_flash.o
 .text.FLASH_EraseOptionBytes
                0x00000000      0x134 ..\obj\stm32f10x_flash.o
 .text.FLASH_ProgramWord
                0x00000000       0xbc ..\obj\stm32f10x_flash.o
 .text.FLASH_ProgramHalfWord
                0x00000000       0x74 ..\obj\stm32f10x_flash.o
 .text.FLASH_ProgramOptionByteData
                0x00000000       0xa0 ..\obj\stm32f10x_flash.o
 .text.FLASH_EnableWriteProtection
                0x00000000      0x15c ..\obj\stm32f10x_flash.o
 .text.FLASH_ReadOutProtection
                0x00000000      0x13c ..\obj\stm32f10x_flash.o
 .text.FLASH_UserOptionByteConfig
                0x00000000       0xbc ..\obj\stm32f10x_flash.o
 .text.FLASH_GetUserOptionByte
                0x00000000       0x1c ..\obj\stm32f10x_flash.o
 .text.FLASH_GetWriteProtectionOptionByte
                0x00000000       0x18 ..\obj\stm32f10x_flash.o
 .text.FLASH_GetReadOutProtectionStatus
                0x00000000       0x3c ..\obj\stm32f10x_flash.o
 .text.FLASH_GetPrefetchBufferStatus
                0x00000000       0x3c ..\obj\stm32f10x_flash.o
 .text.FLASH_ITConfig
                0x00000000       0x54 ..\obj\stm32f10x_flash.o
 .text.FLASH_GetFlagStatus
                0x00000000       0x64 ..\obj\stm32f10x_flash.o
 .text.FLASH_ClearFlag
                0x00000000       0x20 ..\obj\stm32f10x_flash.o
 .text.FLASH_GetStatus
                0x00000000       0x70 ..\obj\stm32f10x_flash.o
 .text.FLASH_GetBank1Status
                0x00000000       0x70 ..\obj\stm32f10x_flash.o
 .text.FLASH_WaitForLastOperation
                0x00000000       0x4c ..\obj\stm32f10x_flash.o
 .text.FLASH_WaitForLastBank1Operation
                0x00000000       0x4c ..\obj\stm32f10x_flash.o
 .debug_info    0x00000000      0x82e ..\obj\stm32f10x_flash.o
 .debug_abbrev  0x00000000      0x18d ..\obj\stm32f10x_flash.o
 .debug_loc     0x00000000      0x5d8 ..\obj\stm32f10x_flash.o
 .debug_aranges
                0x00000000       0xf8 ..\obj\stm32f10x_flash.o
 .debug_ranges  0x00000000       0xe8 ..\obj\stm32f10x_flash.o
 .debug_line    0x00000000      0x520 ..\obj\stm32f10x_flash.o
 .debug_str     0x00000000      0x5af ..\obj\stm32f10x_flash.o
 .comment       0x00000000       0x71 ..\obj\stm32f10x_flash.o
 .ARM.attributes
                0x00000000       0x33 ..\obj\stm32f10x_flash.o
 .debug_frame   0x00000000      0x338 ..\obj\stm32f10x_flash.o
 .text          0x00000000        0x0 ..\obj\port.o
 .bss           0x00000000        0x0 ..\obj\port.o
 .rodata        0x00000000        0x4 ..\obj\port.o
 .text.vPortEndScheduler
                0x00000000        0xc ..\obj\port.o
 .text          0x00000000        0x0 ..\obj\queue.o
 .data          0x00000000        0x0 ..\obj\queue.o
 .bss           0x00000000        0x0 ..\obj\queue.o
 .text.xQueueGenericReset
                0x00000000       0xb4 ..\obj\queue.o
 .text.xQueueGenericCreate
                0x00000000       0x84 ..\obj\queue.o
 .text.xQueueGenericSend
                0x00000000      0x124 ..\obj\queue.o
 .text.xQueueGenericSendFromISR
                0x00000000       0x90 ..\obj\queue.o
 .text.xQueueGenericReceive
                0x00000000      0x160 ..\obj\queue.o
 .text.xQueueReceiveFromISR
                0x00000000       0x94 ..\obj\queue.o
 .text.uxQueueMessagesWaiting
                0x00000000       0x24 ..\obj\queue.o
 .text.uxQueueMessagesWaitingFromISR
                0x00000000       0x1c ..\obj\queue.o
 .text.vQueueDelete
                0x00000000       0x24 ..\obj\queue.o
 .text.ucQueueGetQueueNumber
                0x00000000       0x1c ..\obj\queue.o
 .text.vQueueSetQueueNumber
                0x00000000       0x20 ..\obj\queue.o
 .text.ucQueueGetQueueType
                0x00000000       0x1c ..\obj\queue.o
 .text.prvCopyDataToQueue
                0x00000000       0xa8 ..\obj\queue.o
 .text.prvCopyDataFromQueue
                0x00000000       0x50 ..\obj\queue.o
 .text.prvUnlockQueue
                0x00000000       0xa0 ..\obj\queue.o
 .text.prvIsQueueEmpty
                0x00000000       0x34 ..\obj\queue.o
 .text.xQueueIsQueueEmptyFromISR
                0x00000000       0x2c ..\obj\queue.o
 .text.prvIsQueueFull
                0x00000000       0x38 ..\obj\queue.o
 .text.xQueueIsQueueFullFromISR
                0x00000000       0x30 ..\obj\queue.o
 .debug_info    0x00000000      0x8b0 ..\obj\queue.o
 .debug_abbrev  0x00000000      0x188 ..\obj\queue.o
 .debug_loc     0x00000000      0x428 ..\obj\queue.o
 .debug_aranges
                0x00000000       0xb0 ..\obj\queue.o
 .debug_ranges  0x00000000       0xa0 ..\obj\queue.o
 .debug_line    0x00000000      0x46b ..\obj\queue.o
 .debug_str     0x00000000      0x55c ..\obj\queue.o
 .comment       0x00000000       0x71 ..\obj\queue.o
 .ARM.attributes
                0x00000000       0x33 ..\obj\queue.o
 .debug_frame   0x00000000      0x258 ..\obj\queue.o
 .text          0x00000000        0x0 ..\obj\stm32f10x_dma.o
 .data          0x00000000        0x0 ..\obj\stm32f10x_dma.o
 .bss           0x00000000        0x0 ..\obj\stm32f10x_dma.o
 .text.DMA_DeInit
                0x00000000      0x220 ..\obj\stm32f10x_dma.o
 .text.DMA_Init
                0x00000000       0x80 ..\obj\stm32f10x_dma.o
 .text.DMA_StructInit
                0x00000000       0x6c ..\obj\stm32f10x_dma.o
 .text.DMA_Cmd  0x00000000       0x38 ..\obj\stm32f10x_dma.o
 .text.DMA_ITConfig
                0x00000000       0x3c ..\obj\stm32f10x_dma.o
 .text.DMA_SetCurrDataCounter
                0x00000000       0x1c ..\obj\stm32f10x_dma.o
 .text.DMA_GetCurrDataCounter
                0x00000000       0x1c ..\obj\stm32f10x_dma.o
 .text.DMA_GetFlagStatus
                0x00000000       0x60 ..\obj\stm32f10x_dma.o
 .text.DMA_ClearFlag
                0x00000000       0x38 ..\obj\stm32f10x_dma.o
 .text.DMA_GetITStatus
                0x00000000       0x60 ..\obj\stm32f10x_dma.o
 .text.DMA_ClearITPendingBit
                0x00000000       0x38 ..\obj\stm32f10x_dma.o
 .debug_info    0x00000000      0x4a6 ..\obj\stm32f10x_dma.o
 .debug_abbrev  0x00000000      0x157 ..\obj\stm32f10x_dma.o
 .debug_loc     0x00000000      0x268 ..\obj\stm32f10x_dma.o
 .debug_aranges
                0x00000000       0x70 ..\obj\stm32f10x_dma.o
 .debug_ranges  0x00000000       0x60 ..\obj\stm32f10x_dma.o
 .debug_line    0x00000000      0x34a ..\obj\stm32f10x_dma.o
 .debug_str     0x00000000      0x388 ..\obj\stm32f10x_dma.o
 .comment       0x00000000       0x71 ..\obj\stm32f10x_dma.o
 .ARM.attributes
                0x00000000       0x33 ..\obj\stm32f10x_dma.o
 .debug_frame   0x00000000      0x144 ..\obj\stm32f10x_dma.o
 .text          0x00000000        0x0 ..\obj\croutine.o
 .data          0x00000000        0x0 ..\obj\croutine.o
 .bss           0x00000000       0x80 ..\obj\croutine.o
 .text.xCoRoutineCreate
                0x00000000       0xf0 ..\obj\croutine.o
 .text.vCoRoutineAddToDelayedList
                0x00000000       0xb4 ..\obj\croutine.o
 .text.prvCheckPendingReadyList
                0x00000000       0x98 ..\obj\croutine.o
 .text.prvCheckDelayedList
                0x00000000      0x16c ..\obj\croutine.o
 .text.vCoRoutineSchedule
                0x00000000       0xe8 ..\obj\croutine.o
 .text.prvInitialiseCoRoutineLists
                0x00000000       0x8c ..\obj\croutine.o
 .text.xCoRoutineRemoveFromEventList
                0x00000000       0x60 ..\obj\croutine.o
 .debug_info    0x00000000      0x4b2 ..\obj\croutine.o
 .debug_abbrev  0x00000000      0x187 ..\obj\croutine.o
 .debug_loc     0x00000000      0x188 ..\obj\croutine.o
 .debug_aranges
                0x00000000       0x50 ..\obj\croutine.o
 .debug_ranges  0x00000000       0x40 ..\obj\croutine.o
 .debug_line    0x00000000      0x2ba ..\obj\croutine.o
 .debug_str     0x00000000      0x43b ..\obj\croutine.o
 .comment       0x00000000       0x71 ..\obj\croutine.o
 .ARM.attributes
                0x00000000       0x33 ..\obj\croutine.o
 .debug_frame   0x00000000       0xf0 ..\obj\croutine.o
 .text          0x00000000        0x0 ..\obj\stm3210b_eval.o
 .bss           0x00000000        0x0 ..\obj\stm3210b_eval.o
 .text.STM_EVAL_LEDOff
                0x00000000       0x34 ..\obj\stm3210b_eval.o
 .text.STM_EVAL_PBInit
                0x00000000       0xf8 ..\obj\stm3210b_eval.o
 .text.STM_EVAL_PBGetState
                0x00000000       0x3c ..\obj\stm3210b_eval.o
 .text.STM_EVAL_COMInit
                0x00000000      0x118 ..\obj\stm3210b_eval.o
 .text.SD_LowLevel_DeInit
                0x00000000       0xb4 ..\obj\stm3210b_eval.o
 .text.SD_LowLevel_Init
                0x00000000      0x114 ..\obj\stm3210b_eval.o
 .text.sFLASH_LowLevel_DeInit
                0x00000000       0x9c ..\obj\stm3210b_eval.o
 .text.sFLASH_LowLevel_Init
                0x00000000       0xa0 ..\obj\stm3210b_eval.o
 .text.LM75_LowLevel_DeInit
                0x00000000       0x84 ..\obj\stm3210b_eval.o
 .text.LM75_LowLevel_Init
                0x00000000       0x80 ..\obj\stm3210b_eval.o
 .text          0x00000000        0x0 ..\obj\stm32100e_eval_lcd.o
 .data          0x00000000        0x0 ..\obj\stm32100e_eval_lcd.o
 .bss           0x00000000        0x0 ..\obj\stm32100e_eval_lcd.o
 .debug_info    0x00000000       0x7a ..\obj\stm32100e_eval_lcd.o
 .debug_abbrev  0x00000000       0x3c ..\obj\stm32100e_eval_lcd.o
 .debug_aranges
                0x00000000       0x18 ..\obj\stm32100e_eval_lcd.o
 .debug_line    0x00000000       0x7a ..\obj\stm32100e_eval_lcd.o
 .debug_str     0x00000000      0x15b ..\obj\stm32100e_eval_lcd.o
 .comment       0x00000000       0x71 ..\obj\stm32100e_eval_lcd.o
 .ARM.attributes
                0x00000000       0x33 ..\obj\stm32100e_eval_lcd.o
 .text          0x00000000        0x0 ..\obj\misc.o
 .data          0x00000000        0x0 ..\obj\misc.o
 .bss           0x00000000        0x0 ..\obj\misc.o
 .text.NVIC_PriorityGroupConfig
                0x00000000       0x28 ..\obj\misc.o
 .text.NVIC_Init
                0x00000000       0xe8 ..\obj\misc.o
 .text.NVIC_SetVectorTable
                0x00000000       0x2c ..\obj\misc.o
 .text.NVIC_SystemLPConfig
                0x00000000       0x54 ..\obj\misc.o
 .text.SysTick_CLKSourceConfig
                0x00000000       0x4c ..\obj\misc.o
 .debug_info    0x00000000      0x544 ..\obj\misc.o
 .debug_abbrev  0x00000000      0x138 ..\obj\misc.o
 .debug_loc     0x00000000      0x118 ..\obj\misc.o
 .debug_aranges
                0x00000000       0x40 ..\obj\misc.o
 .debug_ranges  0x00000000       0x30 ..\obj\misc.o
 .debug_line    0x00000000      0x28b ..\obj\misc.o
 .debug_str     0x00000000      0x38a ..\obj\misc.o
 .comment       0x00000000       0x71 ..\obj\misc.o
 .ARM.attributes
                0x00000000       0x33 ..\obj\misc.o
 .debug_frame   0x00000000       0x9c ..\obj\misc.o
 .text          0x00000000        0x0 ..\obj\stm3210c_eval_lcd.o
 .data          0x00000000        0x0 ..\obj\stm3210c_eval_lcd.o
 .bss           0x00000000        0x0 ..\obj\stm3210c_eval_lcd.o
 .debug_info    0x00000000       0x7a ..\obj\stm3210c_eval_lcd.o
 .debug_abbrev  0x00000000       0x3c ..\obj\stm3210c_eval_lcd.o
 .debug_aranges
                0x00000000       0x18 ..\obj\stm3210c_eval_lcd.o
 .debug_line    0x00000000       0x7a ..\obj\stm3210c_eval_lcd.o
 .debug_str     0x00000000      0x159 ..\obj\stm3210c_eval_lcd.o
 .comment       0x00000000       0x71 ..\obj\stm3210c_eval_lcd.o
 .ARM.attributes
                0x00000000       0x33 ..\obj\stm3210c_eval_lcd.o
 .text          0x00000000        0x0 ..\obj\stm32f10x_spi.o
 .data          0x00000000        0x0 ..\obj\stm32f10x_spi.o
 .bss           0x00000000        0x0 ..\obj\stm32f10x_spi.o
 .text.SPI_I2S_DeInit
                0x00000000       0x88 ..\obj\stm32f10x_spi.o
 .text.SPI_Init
                0x00000000       0x88 ..\obj\stm32f10x_spi.o
 .text.I2S_Init
                0x00000000      0x198 ..\obj\stm32f10x_spi.o
 .text.SPI_StructInit
                0x00000000       0x5c ..\obj\stm32f10x_spi.o
 .text.I2S_StructInit
                0x00000000       0x44 ..\obj\stm32f10x_spi.o
 .text.SPI_Cmd  0x00000000       0x40 ..\obj\stm32f10x_spi.o
 .text.I2S_Cmd  0x00000000       0x40 ..\obj\stm32f10x_spi.o
 .text.SPI_I2S_ITConfig
                0x00000000       0x6c ..\obj\stm32f10x_spi.o
 .text.SPI_I2S_DMACmd
                0x00000000       0x48 ..\obj\stm32f10x_spi.o
 .text.SPI_I2S_SendData
                0x00000000       0x1c ..\obj\stm32f10x_spi.o
 .text.SPI_I2S_ReceiveData
                0x00000000       0x1c ..\obj\stm32f10x_spi.o
 .text.SPI_NSSInternalSoftwareConfig
                0x00000000       0x44 ..\obj\stm32f10x_spi.o
 .text.SPI_SSOutputCmd
                0x00000000       0x40 ..\obj\stm32f10x_spi.o
 .text.SPI_DataSizeConfig
                0x00000000       0x38 ..\obj\stm32f10x_spi.o
 .text.SPI_TransmitCRC
                0x00000000       0x24 ..\obj\stm32f10x_spi.o
 .text.SPI_CalculateCRC
                0x00000000       0x40 ..\obj\stm32f10x_spi.o
 .text.SPI_GetCRC
                0x00000000       0x34 ..\obj\stm32f10x_spi.o
 .text.SPI_GetCRCPolynomial
                0x00000000       0x1c ..\obj\stm32f10x_spi.o
 .text.SPI_BiDirectionalLineConfig
                0x00000000       0x40 ..\obj\stm32f10x_spi.o
 .text.SPI_I2S_GetFlagStatus
                0x00000000       0x40 ..\obj\stm32f10x_spi.o
 .text.SPI_I2S_ClearFlag
                0x00000000       0x24 ..\obj\stm32f10x_spi.o
 .text.SPI_I2S_GetITStatus
                0x00000000       0x88 ..\obj\stm32f10x_spi.o
 .text.SPI_I2S_ClearITPendingBit
                0x00000000       0x38 ..\obj\stm32f10x_spi.o
 .debug_info    0x00000000      0x981 ..\obj\stm32f10x_spi.o
 .debug_abbrev  0x00000000      0x180 ..\obj\stm32f10x_spi.o
 .debug_loc     0x00000000      0x508 ..\obj\stm32f10x_spi.o
 .debug_aranges
                0x00000000       0xd0 ..\obj\stm32f10x_spi.o
 .debug_ranges  0x00000000       0xc0 ..\obj\stm32f10x_spi.o
 .debug_line    0x00000000      0x469 ..\obj\stm32f10x_spi.o
 .debug_str     0x00000000      0x5c4 ..\obj\stm32f10x_spi.o
 .comment       0x00000000       0x71 ..\obj\stm32f10x_spi.o
 .ARM.attributes
                0x00000000       0x33 ..\obj\stm32f10x_spi.o
 .debug_frame   0x00000000      0x29c ..\obj\stm32f10x_spi.o
 .text          0x00000000        0x0 ..\obj\stm32f10x_i2c.o
 .data          0x00000000        0x0 ..\obj\stm32f10x_i2c.o
 .bss           0x00000000        0x0 ..\obj\stm32f10x_i2c.o
 .text.I2C_DeInit
                0x00000000       0x50 ..\obj\stm32f10x_i2c.o
 .text.I2C_Init
                0x00000000      0x1ac ..\obj\stm32f10x_i2c.o
 .text.I2C_StructInit
                0x00000000       0x44 ..\obj\stm32f10x_i2c.o
 .text.I2C_Cmd  0x00000000       0x40 ..\obj\stm32f10x_i2c.o
 .text.I2C_DMACmd
                0x00000000       0x40 ..\obj\stm32f10x_i2c.o
 .text.I2C_DMALastTransferCmd
                0x00000000       0x40 ..\obj\stm32f10x_i2c.o
 .text.I2C_GenerateSTART
                0x00000000       0x40 ..\obj\stm32f10x_i2c.o
 .text.I2C_GenerateSTOP
                0x00000000       0x40 ..\obj\stm32f10x_i2c.o
 .text.I2C_AcknowledgeConfig
                0x00000000       0x40 ..\obj\stm32f10x_i2c.o
 .text.I2C_OwnAddress2Config
                0x00000000       0x44 ..\obj\stm32f10x_i2c.o
 .text.I2C_DualAddressCmd
                0x00000000       0x40 ..\obj\stm32f10x_i2c.o
 .text.I2C_GeneralCallCmd
                0x00000000       0x40 ..\obj\stm32f10x_i2c.o
 .text.I2C_ITConfig
                0x00000000       0x48 ..\obj\stm32f10x_i2c.o
 .text.I2C_SendData
                0x00000000       0x20 ..\obj\stm32f10x_i2c.o
 .text.I2C_ReceiveData
                0x00000000       0x1c ..\obj\stm32f10x_i2c.o
 .text.I2C_Send7bitAddress
                0x00000000       0x3c ..\obj\stm32f10x_i2c.o
 .text.I2C_ReadRegister
                0x00000000       0x30 ..\obj\stm32f10x_i2c.o
 .text.I2C_SoftwareResetCmd
                0x00000000       0x48 ..\obj\stm32f10x_i2c.o
 .text.I2C_NACKPositionConfig
                0x00000000       0x40 ..\obj\stm32f10x_i2c.o
 .text.I2C_SMBusAlertConfig
                0x00000000       0x40 ..\obj\stm32f10x_i2c.o
 .text.I2C_TransmitPEC
                0x00000000       0x40 ..\obj\stm32f10x_i2c.o
 .text.I2C_PECPositionConfig
                0x00000000       0x40 ..\obj\stm32f10x_i2c.o
 .text.I2C_CalculatePEC
                0x00000000       0x40 ..\obj\stm32f10x_i2c.o
 .text.I2C_GetPEC
                0x00000000       0x24 ..\obj\stm32f10x_i2c.o
 .text.I2C_ARPCmd
                0x00000000       0x40 ..\obj\stm32f10x_i2c.o
 .text.I2C_StretchClockCmd
                0x00000000       0x40 ..\obj\stm32f10x_i2c.o
 .text.I2C_FastModeDutyCycleConfig
                0x00000000       0x40 ..\obj\stm32f10x_i2c.o
 .text.I2C_CheckEvent
                0x00000000       0x70 ..\obj\stm32f10x_i2c.o
 .text.I2C_GetLastEvent
                0x00000000       0x4c ..\obj\stm32f10x_i2c.o
 .text.I2C_GetFlagStatus
                0x00000000       0x78 ..\obj\stm32f10x_i2c.o
 .text.I2C_ClearFlag
                0x00000000       0x30 ..\obj\stm32f10x_i2c.o
 .text.I2C_GetITStatus
                0x00000000       0x64 ..\obj\stm32f10x_i2c.o
 .text.I2C_ClearITPendingBit
                0x00000000       0x30 ..\obj\stm32f10x_i2c.o
 .debug_info    0x00000000      0xbae ..\obj\stm32f10x_i2c.o
 .debug_abbrev  0x00000000      0x166 ..\obj\stm32f10x_i2c.o
 .debug_loc     0x00000000      0x738 ..\obj\stm32f10x_i2c.o
 .debug_aranges
                0x00000000      0x120 ..\obj\stm32f10x_i2c.o
 .debug_ranges  0x00000000      0x110 ..\obj\stm32f10x_i2c.o
 .debug_line    0x00000000      0x51e ..\obj\stm32f10x_i2c.o
 .debug_str     0x00000000      0x62d ..\obj\stm32f10x_i2c.o
 .comment       0x00000000       0x71 ..\obj\stm32f10x_i2c.o
 .ARM.attributes
                0x00000000       0x33 ..\obj\stm32f10x_i2c.o
 .debug_frame   0x00000000      0x3b4 ..\obj\stm32f10x_i2c.o
 .text          0x00000000        0x0 ..\obj\stm3210b_eval_lcd.o
 .data          0x00000000        0x8 ..\obj\stm3210b_eval_lcd.o
 .bss           0x00000000        0x8 ..\obj\stm3210b_eval_lcd.o
 .text.LCD_DeInit
                0x00000000       0xd0 ..\obj\stm3210b_eval_lcd.o
 .text.LCD_Setup
                0x00000000      0x9c0 ..\obj\stm3210b_eval_lcd.o
 .text.STM3210B_LCD_Init
                0x00000000       0x74 ..\obj\stm3210b_eval_lcd.o
 .text.LCD_SetColors
                0x00000000       0x34 ..\obj\stm3210b_eval_lcd.o
 .text.LCD_GetColors
                0x00000000       0x34 ..\obj\stm3210b_eval_lcd.o
 .text.LCD_SetTextColor
                0x00000000       0x24 ..\obj\stm3210b_eval_lcd.o
 .text.LCD_SetBackColor
                0x00000000       0x24 ..\obj\stm3210b_eval_lcd.o
 .text.LCD_SetFont
                0x00000000       0x20 ..\obj\stm3210b_eval_lcd.o
 .text.LCD_GetFont
                0x00000000       0x18 ..\obj\stm3210b_eval_lcd.o
 .text.LCD_ClearLine
                0x00000000       0x5c ..\obj\stm3210b_eval_lcd.o
 .text.LCD_Clear
                0x00000000       0xac ..\obj\stm3210b_eval_lcd.o
 .text.LCD_SetCursor
                0x00000000       0x9c ..\obj\stm3210b_eval_lcd.o
 .text.LCD_DrawChar
                0x00000000      0x1a0 ..\obj\stm3210b_eval_lcd.o
 .text.LCD_DisplayChar
                0x00000000       0x54 ..\obj\stm3210b_eval_lcd.o
 .text.LCD_DisplayStringLine
                0x00000000       0x84 ..\obj\stm3210b_eval_lcd.o
 .text.LCD_SetDisplayWindow
                0x00000000      0x178 ..\obj\stm3210b_eval_lcd.o
 .text.LCD_WindowModeDisable
                0x00000000       0x78 ..\obj\stm3210b_eval_lcd.o
 .text.LCD_DrawLine
                0x00000000      0x144 ..\obj\stm3210b_eval_lcd.o
 .text.LCD_DrawRect
                0x00000000       0x7c ..\obj\stm3210b_eval_lcd.o
 .text.LCD_DrawCircle
                0x00000000      0x438 ..\obj\stm3210b_eval_lcd.o
 .text.LCD_DrawMonoPict
                0x00000000       0xfc ..\obj\stm3210b_eval_lcd.o
 .text.LCD_DrawFullRect
                0x00000000      0x108 ..\obj\stm3210b_eval_lcd.o
 .text.LCD_DrawFullCircle
                0x00000000      0x174 ..\obj\stm3210b_eval_lcd.o
 .text.LCD_DrawUniLine
                0x00000000      0x1a0 ..\obj\stm3210b_eval_lcd.o
 .text.LCD_PolyLine
                0x00000000       0x60 ..\obj\stm3210b_eval_lcd.o
 .text.LCD_PolyLineRelativeClosed
                0x00000000       0xac ..\obj\stm3210b_eval_lcd.o
 .text.LCD_ClosedPolyLine
                0x00000000       0x54 ..\obj\stm3210b_eval_lcd.o
 .text.LCD_PolyLineRelative
                0x00000000       0x24 ..\obj\stm3210b_eval_lcd.o
 .text.LCD_ClosedPolyLineRelative
                0x00000000       0x24 ..\obj\stm3210b_eval_lcd.o
 .text.LCD_FillPolyLine
                0x00000000      0x53c ..\obj\stm3210b_eval_lcd.o
 .text.LCD_nCS_StartByte
                0x00000000       0x50 ..\obj\stm3210b_eval_lcd.o
 .text.LCD_WriteRegIndex
                0x00000000       0x80 ..\obj\stm3210b_eval_lcd.o
 .text.LCD_WriteRegILI9320
                0x00000000       0x94 ..\obj\stm3210b_eval_lcd.o
 .text.LCD_ReadReg
                0x00000000      0x1ac ..\obj\stm3210b_eval_lcd.o
 .text.LCD_WriteRAM_Prepare
                0x00000000       0x18 ..\obj\stm3210b_eval_lcd.o
 .text.LCD_WriteRAMWord
                0x00000000       0x34 ..\obj\stm3210b_eval_lcd.o
 .text.LCD_WriteRegHX8312
                0x00000000       0xa8 ..\obj\stm3210b_eval_lcd.o
 .text.LCD_WriteReg
                0x00000000       0x68 ..\obj\stm3210b_eval_lcd.o
 .text.LCD_WriteRAM
                0x00000000      0x11c ..\obj\stm3210b_eval_lcd.o
 .text.LCD_PowerOn
                0x00000000      0x184 ..\obj\stm3210b_eval_lcd.o
 .text.LCD_DisplayOn
                0x00000000       0x90 ..\obj\stm3210b_eval_lcd.o
 .text.LCD_DisplayOff
                0x00000000       0x6c ..\obj\stm3210b_eval_lcd.o
 .text.LCD_CtrlLinesConfig
                0x00000000       0x98 ..\obj\stm3210b_eval_lcd.o
 .text.LCD_CtrlLinesWrite
                0x00000000       0x28 ..\obj\stm3210b_eval_lcd.o
 .text.LCD_SPIConfig
                0x00000000      0x11c ..\obj\stm3210b_eval_lcd.o
 .text.PutPixel
                0x00000000       0x54 ..\obj\stm3210b_eval_lcd.o
 .text.delay    0x00000000       0x38 ..\obj\stm3210b_eval_lcd.o
 .debug_info    0x00000000     0x1157 ..\obj\stm3210b_eval_lcd.o
 .debug_abbrev  0x00000000      0x24f ..\obj\stm3210b_eval_lcd.o
 .debug_loc     0x00000000      0x9ea ..\obj\stm3210b_eval_lcd.o
 .debug_aranges
                0x00000000      0x190 ..\obj\stm3210b_eval_lcd.o
 .debug_ranges  0x00000000      0x180 ..\obj\stm3210b_eval_lcd.o
 .debug_line    0x00000000      0xafa ..\obj\stm3210b_eval_lcd.o
 .debug_str     0x00000000      0x8c3 ..\obj\stm3210b_eval_lcd.o
 .comment       0x00000000       0x71 ..\obj\stm3210b_eval_lcd.o
 .ARM.attributes
                0x00000000       0x33 ..\obj\stm3210b_eval_lcd.o
 .debug_frame   0x00000000      0x5b8 ..\obj\stm3210b_eval_lcd.o
 .text          0x00000000        0x0 ..\obj\heap_2.o
 .text.xPortGetFreeHeapSize
                0x00000000       0x18 ..\obj\heap_2.o
 .text.vPortInitialiseBlocks
                0x00000000        0xc ..\obj\heap_2.o
 .text          0x00000000        0x0 ..\obj\stm32100b_eval_lcd.o
 .data          0x00000000        0x0 ..\obj\stm32100b_eval_lcd.o
 .bss           0x00000000        0x0 ..\obj\stm32100b_eval_lcd.o
 .debug_info    0x00000000       0x7a ..\obj\stm32100b_eval_lcd.o
 .debug_abbrev  0x00000000       0x3c ..\obj\stm32100b_eval_lcd.o
 .debug_aranges
                0x00000000       0x18 ..\obj\stm32100b_eval_lcd.o
 .debug_line    0x00000000       0x7a ..\obj\stm32100b_eval_lcd.o
 .debug_str     0x00000000      0x15b ..\obj\stm32100b_eval_lcd.o
 .comment       0x00000000       0x71 ..\obj\stm32100b_eval_lcd.o
 .ARM.attributes
                0x00000000       0x33 ..\obj\stm32100b_eval_lcd.o
 .text          0x00000000      0x370 c:/program files/gnu tools arm embedded/4.7 2013q1/bin/../lib/gcc/arm-none-eabi/4.7.3/armv7-m\libgcc.a(_arm_addsubdf3.o)
 .data          0x00000000        0x0 c:/program files/gnu tools arm embedded/4.7 2013q1/bin/../lib/gcc/arm-none-eabi/4.7.3/armv7-m\libgcc.a(_arm_addsubdf3.o)
 .bss           0x00000000        0x0 c:/program files/gnu tools arm embedded/4.7 2013q1/bin/../lib/gcc/arm-none-eabi/4.7.3/armv7-m\libgcc.a(_arm_addsubdf3.o)
 .ARM.attributes
                0x00000000       0x1d c:/program files/gnu tools arm embedded/4.7 2013q1/bin/../lib/gcc/arm-none-eabi/4.7.3/armv7-m\libgcc.a(_arm_addsubdf3.o)
 .text          0x00000000      0x110 c:/program files/gnu tools arm embedded/4.7 2013q1/bin/../lib/gcc/arm-none-eabi/4.7.3/armv7-m\libgcc.a(_arm_cmpdf2.o)
 .data          0x00000000        0x0 c:/program files/gnu tools arm embedded/4.7 2013q1/bin/../lib/gcc/arm-none-eabi/4.7.3/armv7-m\libgcc.a(_arm_cmpdf2.o)
 .bss           0x00000000        0x0 c:/program files/gnu tools arm embedded/4.7 2013q1/bin/../lib/gcc/arm-none-eabi/4.7.3/armv7-m\libgcc.a(_arm_cmpdf2.o)
 .ARM.attributes
                0x00000000       0x1d c:/program files/gnu tools arm embedded/4.7 2013q1/bin/../lib/gcc/arm-none-eabi/4.7.3/armv7-m\libgcc.a(_arm_cmpdf2.o)
 .text          0x00000000        0x0 ..\..\..\..\..\..\..\..\..\Program Files\GNU Tools ARM Embedded\4.7 2013q1\arm-none-eabi\lib\armv7-m\libc_s.a(lib_a-memcpy.o)
 .data          0x00000000        0x0 ..\..\..\..\..\..\..\..\..\Program Files\GNU Tools ARM Embedded\4.7 2013q1\arm-none-eabi\lib\armv7-m\libc_s.a(lib_a-memcpy.o)
 .bss           0x00000000        0x0 ..\..\..\..\..\..\..\..\..\Program Files\GNU Tools ARM Embedded\4.7 2013q1\arm-none-eabi\lib\armv7-m\libc_s.a(lib_a-memcpy.o)
 .text.memcpy   0x00000000       0x12 ..\..\..\..\..\..\..\..\..\Program Files\GNU Tools ARM Embedded\4.7 2013q1\arm-none-eabi\lib\armv7-m\libc_s.a(lib_a-memcpy.o)
 .ARM.attributes
                0x00000000       0x2d ..\..\..\..\..\..\..\..\..\Program Files\GNU Tools ARM Embedded\4.7 2013q1\arm-none-eabi\lib\armv7-m\libc_s.a(lib_a-memcpy.o)
 .debug_frame   0x00000000       0x28 ..\..\..\..\..\..\..\..\..\Program Files\GNU Tools ARM Embedded\4.7 2013q1\arm-none-eabi\lib\armv7-m\libc_s.a(lib_a-memcpy.o)
 .text          0x00000000        0x0 ..\..\..\..\..\..\..\..\..\Program Files\GNU Tools ARM Embedded\4.7 2013q1\arm-none-eabi\lib\armv7-m\libc_s.a(lib_a-memset.o)
 .data          0x00000000        0x0 ..\..\..\..\..\..\..\..\..\Program Files\GNU Tools ARM Embedded\4.7 2013q1\arm-none-eabi\lib\armv7-m\libc_s.a(lib_a-memset.o)
 .bss           0x00000000        0x0 ..\..\..\..\..\..\..\..\..\Program Files\GNU Tools ARM Embedded\4.7 2013q1\arm-none-eabi\lib\armv7-m\libc_s.a(lib_a-memset.o)
 .text          0x00000000        0x0 ..\..\..\..\..\..\..\..\..\Program Files\GNU Tools ARM Embedded\4.7 2013q1\arm-none-eabi\lib\armv7-m\libc_s.a(lib_a-strcat.o)
 .data          0x00000000        0x0 ..\..\..\..\..\..\..\..\..\Program Files\GNU Tools ARM Embedded\4.7 2013q1\arm-none-eabi\lib\armv7-m\libc_s.a(lib_a-strcat.o)
 .bss           0x00000000        0x0 ..\..\..\..\..\..\..\..\..\Program Files\GNU Tools ARM Embedded\4.7 2013q1\arm-none-eabi\lib\armv7-m\libc_s.a(lib_a-strcat.o)
 .text.strcat   0x00000000       0x1a ..\..\..\..\..\..\..\..\..\Program Files\GNU Tools ARM Embedded\4.7 2013q1\arm-none-eabi\lib\armv7-m\libc_s.a(lib_a-strcat.o)
 .ARM.attributes
                0x00000000       0x2d ..\..\..\..\..\..\..\..\..\Program Files\GNU Tools ARM Embedded\4.7 2013q1\arm-none-eabi\lib\armv7-m\libc_s.a(lib_a-strcat.o)
 .debug_frame   0x00000000       0x28 ..\..\..\..\..\..\..\..\..\Program Files\GNU Tools ARM Embedded\4.7 2013q1\arm-none-eabi\lib\armv7-m\libc_s.a(lib_a-strcat.o)
 .text          0x00000000        0x0 ..\..\..\..\..\..\..\..\..\Program Files\GNU Tools ARM Embedded\4.7 2013q1\arm-none-eabi\lib\armv7-m\libc_s.a(lib_a-strlen.o)
 .data          0x00000000        0x0 ..\..\..\..\..\..\..\..\..\Program Files\GNU Tools ARM Embedded\4.7 2013q1\arm-none-eabi\lib\armv7-m\libc_s.a(lib_a-strlen.o)
 .bss           0x00000000        0x0 ..\..\..\..\..\..\..\..\..\Program Files\GNU Tools ARM Embedded\4.7 2013q1\arm-none-eabi\lib\armv7-m\libc_s.a(lib_a-strlen.o)
 .text.strlen   0x00000000       0x10 ..\..\..\..\..\..\..\..\..\Program Files\GNU Tools ARM Embedded\4.7 2013q1\arm-none-eabi\lib\armv7-m\libc_s.a(lib_a-strlen.o)
 .ARM.attributes
                0x00000000       0x2d ..\..\..\..\..\..\..\..\..\Program Files\GNU Tools ARM Embedded\4.7 2013q1\arm-none-eabi\lib\armv7-m\libc_s.a(lib_a-strlen.o)
 .debug_frame   0x00000000       0x20 ..\..\..\..\..\..\..\..\..\Program Files\GNU Tools ARM Embedded\4.7 2013q1\arm-none-eabi\lib\armv7-m\libc_s.a(lib_a-strlen.o)
 .text          0x00000000        0x0 ..\..\..\..\..\..\..\..\..\Program Files\GNU Tools ARM Embedded\4.7 2013q1\arm-none-eabi\lib\armv7-m\libc_s.a(lib_a-strncpy.o)
 .data          0x00000000        0x0 ..\..\..\..\..\..\..\..\..\Program Files\GNU Tools ARM Embedded\4.7 2013q1\arm-none-eabi\lib\armv7-m\libc_s.a(lib_a-strncpy.o)
 .bss           0x00000000        0x0 ..\..\..\..\..\..\..\..\..\Program Files\GNU Tools ARM Embedded\4.7 2013q1\arm-none-eabi\lib\armv7-m\libc_s.a(lib_a-strncpy.o)

Memory Configuration

Name             Origin             Length             Attributes
rom              0x08000000         0x00020000         xr
ram              0x20000000         0x00005000         xrw
*default*        0x00000000         0xffffffff

Linker script and memory map

                0x20005000                _eram = 0x20005000

.text           0x08000000     0x1632
 *(.isr_vector .isr_vector.*)
 .isr_vector    0x08000000      0x10c ..\obj\startup_stm32f10x_md.o
                0x08000000                g_pfnVectors
 *(.text .text.* .gnu.linkonce.t.*)
 .text.SystemInit
                0x0800010c       0xa8 ..\obj\system_stm32f10x.o
                0x0800010c                SystemInit
 .text.SetSysClock
                0x080001b4        0xc ..\obj\system_stm32f10x.o
 .text.SetSysClockTo72
                0x080001c0      0x1ac ..\obj\system_stm32f10x.o
 .text.Default_Reset_Handler
                0x0800036c       0x70 ..\obj\startup_stm32f10x_md.o
                0x0800036c                Default_Reset_Handler
                0x0800036c                Reset_Handler
 .text.Default_Handler
                0x080003dc        0x8 ..\obj\startup_stm32f10x_md.o
                0x080003dc                EXTI2_IRQHandler
                0x080003dc                DebugMon_Handler
                0x080003dc                TIM1_CC_IRQHandler
                0x080003dc                HardFault_Handler
                0x080003dc                PVD_IRQHandler
                0x080003dc                NMI_Handler
                0x080003dc                EXTI3_IRQHandler
                0x080003dc                EXTI0_IRQHandler
                0x080003dc                I2C2_EV_IRQHandler
                0x080003dc                UsageFault_Handler
                0x080003dc                ADC1_2_IRQHandler
                0x080003dc                SPI1_IRQHandler
                0x080003dc                TAMPER_IRQHandler
                0x080003dc                DMA1_Channel4_IRQHandler
                0x080003dc                USART3_IRQHandler
                0x080003dc                RTC_IRQHandler
                0x080003dc                DMA1_Channel7_IRQHandler
                0x080003dc                CAN1_RX1_IRQHandler
                0x080003dc                TIM4_IRQHandler
                0x080003dc                I2C1_EV_IRQHandler
                0x080003dc                DMA1_Channel6_IRQHandler
                0x080003dc                TIM3_IRQHandler
                0x080003dc                RCC_IRQHandler
                0x080003dc                TIM1_TRG_COM_IRQHandler
                0x080003dc                DMA1_Channel1_IRQHandler
                0x080003dc                EXTI15_10_IRQHandler
                0x080003dc                EXTI9_5_IRQHandler
                0x080003dc                SPI2_IRQHandler
                0x080003dc                MemManage_Handler
                0x080003dc                DMA1_Channel5_IRQHandler
                0x080003dc                EXTI4_IRQHandler
                0x080003dc                USB_LP_CAN1_RX0_IRQHandler
                0x080003dc                USB_HP_CAN1_TX_IRQHandler
                0x080003dc                DMA1_Channel3_IRQHandler
                0x080003dc                TIM1_UP_IRQHandler
                0x080003dc                WWDG_IRQHandler
                0x080003dc                TIM2_IRQHandler
                0x080003dc                TIM1_BRK_IRQHandler
                0x080003dc                EXTI1_IRQHandler
                0x080003dc                RTCAlarm_IRQHandler
                0x080003dc                USART2_IRQHandler
                0x080003dc                I2C2_ER_IRQHandler
                0x080003dc                DMA1_Channel2_IRQHandler
                0x080003dc                CAN1_SCE_IRQHandler
                0x080003dc                FLASH_IRQHandler
                0x080003dc                BusFault_Handler
                0x080003dc                USART1_IRQHandler
                0x080003dc                I2C1_ER_IRQHandler
                0x080003dc                USBWakeUp_IRQHandler
 .text.GPIO_Init
                0x080003e4      0x1b0 ..\obj\stm32f10x_gpio.o
                0x080003e4                GPIO_Init
 .text.ledBlinkTask
                0x08000594       0x40 ..\obj\main.o
 .text.main     0x080005d4      0x120 ..\obj\main.o
                0x080005d4                main
 .text.RCC_APB2PeriphClockCmd
                0x080006f4       0x54 ..\obj\stm32f10x_rcc.o
                0x080006f4                RCC_APB2PeriphClockCmd
 .text.xTaskGenericCreate
                0x08000748      0x1b8 ..\obj\tasks.o
                0x08000748                xTaskGenericCreate
 .text.vTaskStartScheduler
                0x08000900       0x70 ..\obj\tasks.o
                0x08000900                vTaskStartScheduler
 .text.vTaskSuspendAll
                0x08000970       0x24 ..\obj\tasks.o
                0x08000970                vTaskSuspendAll
 .text.xTaskResumeAll
                0x08000994      0x150 ..\obj\tasks.o
                0x08000994                xTaskResumeAll
 .text.vTaskIncrementTick
                0x08000ae4      0x1b4 ..\obj\tasks.o
                0x08000ae4                vTaskIncrementTick
 .text.vTaskSwitchContext
                0x08000c98       0xc0 ..\obj\tasks.o
                0x08000c98                vTaskSwitchContext
 .text.prvIdleTask
                0x08000d58       0x24 ..\obj\tasks.o
 .text.prvInitialiseTCBVariables
                0x08000d7c       0x74 ..\obj\tasks.o
 .text.prvInitialiseTaskLists
                0x08000df0       0x8c ..\obj\tasks.o
 .text.prvCheckTasksWaitingTermination
                0x08000e7c        0xc ..\obj\tasks.o
 .text.prvAllocateTCBAndStack
                0x08000e88       0x70 ..\obj\tasks.o
 .text.vListInitialise
                0x08000ef8       0x40 ..\obj\list.o
                0x08000ef8                vListInitialise
 .text.vListInitialiseItem
                0x08000f38       0x1c ..\obj\list.o
                0x08000f38                vListInitialiseItem
 .text.vListInsertEnd
                0x08000f54       0x50 ..\obj\list.o
                0x08000f54                vListInsertEnd
 .text.uxListRemove
                0x08000fa4       0x58 ..\obj\list.o
                0x08000fa4                uxListRemove
 .text.pxPortInitialiseStack
                0x08000ffc       0x60 ..\obj\port.o
                0x08000ffc                pxPortInitialiseStack
 .text.SVC_Handler
                0x0800105c       0x20 ..\obj\port.o
                0x0800105c                SVC_Handler
 .text.prvPortStartFirstTask
                0x0800107c       0x14 ..\obj\port.o
 .text.xPortStartScheduler
                0x08001090       0x54 ..\obj\port.o
                0x08001090                xPortStartScheduler
 .text.vPortYieldFromISR
                0x080010e4       0x18 ..\obj\port.o
                0x080010e4                vPortYieldFromISR
 .text.vPortEnterCritical
                0x080010fc       0x24 ..\obj\port.o
                0x080010fc                vPortEnterCritical
 .text.vPortExitCritical
                0x08001120       0x34 ..\obj\port.o
                0x08001120                vPortExitCritical
 .text.ulPortSetInterruptMask
                0x08001154       0x14 ..\obj\port.o
                0x08001154                ulPortSetInterruptMask
 .text.vPortClearInterruptMask
                0x08001168        0x8 ..\obj\port.o
                0x08001168                vPortClearInterruptMask
 .text.PendSV_Handler
                0x08001170       0x3c ..\obj\port.o
                0x08001170                PendSV_Handler
 .text.SysTick_Handler
                0x080011ac       0x24 ..\obj\port.o
                0x080011ac                SysTick_Handler
 .text.vPortSetupTimerInterrupt
                0x080011d0       0x2c ..\obj\port.o
                0x080011d0                vPortSetupTimerInterrupt
 .text.STM_EVAL_LEDInit
                0x080011fc       0x60 ..\obj\stm3210b_eval.o
                0x080011fc                STM_EVAL_LEDInit
 .text.STM_EVAL_LEDOn
                0x0800125c       0x34 ..\obj\stm3210b_eval.o
                0x0800125c                STM_EVAL_LEDOn
 .text.STM_EVAL_LEDToggle
                0x08001290       0x44 ..\obj\stm3210b_eval.o
                0x08001290                STM_EVAL_LEDToggle
 .text.pvPortMalloc
                0x080012d4      0x15c ..\obj\heap_2.o
                0x080012d4                pvPortMalloc
 .text.vPortFree
                0x08001430       0x88 ..\obj\heap_2.o
                0x08001430                vPortFree
 .text.prvHeapInit
                0x080014b8       0x6c ..\obj\heap_2.o
 .text.memset   0x08001524       0x10 ..\..\..\..\..\..\..\..\..\Program Files\GNU Tools ARM Embedded\4.7 2013q1\arm-none-eabi\lib\armv7-m\libc_s.a(lib_a-memset.o)
                0x08001524                memset
 .text.strncpy  0x08001534       0x2a ..\..\..\..\..\..\..\..\..\Program Files\GNU Tools ARM Embedded\4.7 2013q1\arm-none-eabi\lib\armv7-m\libc_s.a(lib_a-strncpy.o)
                0x08001534                strncpy
 *(.glue_7t)
 .glue_7t       0x00000000        0x0 linker stubs
 *(.glue_7)
 .glue_7        0x00000000        0x0 linker stubs
 *(.rodata .rodata* .gnu.linkonce.r.*)
 *fill*         0x0800155e        0x2 00
 .rodata        0x08001560        0x8 ..\obj\main.o
 .rodata        0x08001568       0x20 ..\obj\tasks.o
 .rodata        0x08001588       0xa8 ..\obj\stm3210b_eval.o
                0x08001588                GPIO_PIN
                0x08001590                GPIO_CLK
                0x080015a0                BUTTON_PIN
                0x080015b0                BUTTON_CLK
                0x080015d0                BUTTON_EXTI_LINE
                0x080015e0                BUTTON_PORT_SOURCE
                0x080015f0                BUTTON_PIN_SOURCE
                0x08001600                BUTTON_IRQn
                0x08001610                COM_USART_CLK
                0x08001618                COM_TX_PORT_CLK
                0x08001620                COM_RX_PORT_CLK
                0x08001628                COM_TX_PIN
                0x0800162c                COM_RX_PIN
 .rodata        0x08001630        0x2 ..\obj\heap_2.o

.vfp11_veneer   0x08001634        0x0
 .vfp11_veneer  0x00000000        0x0 linker stubs

.v4_bx          0x08001634        0x0
 .v4_bx         0x00000000        0x0 linker stubs

.iplt           0x08001634        0x0
 .iplt          0x00000000        0x0 ..\obj\stm3210e_eval.o

.rel.dyn        0x08001634        0x0
 .rel.iplt      0x00000000        0x0 ..\obj\stm3210e_eval.o

.ARM.extab
 *(.ARM.extab* .gnu.linkonce.armextab.*)
                0x08001634                __exidx_start = .

.ARM.exidx
 *(.ARM.exidx* .gnu.linkonce.armexidx.*)
                0x08001634                __exidx_end = .
                0x08001634                . = ALIGN (0x4)
                0x08001634                _etext = .
                0x08001634                _sidata = .

.data           0x20000000       0x54 load address 0x08001634
                0x20000000                _sdata = .
 *(.data .data.*)
 .data          0x20000000        0x4 ..\obj\tasks.o
 .data          0x20000004        0x4 ..\obj\port.o
 .data          0x20000008       0x48 ..\obj\stm3210b_eval.o
                0x20000008                GPIO_PORT
                0x20000018                BUTTON_PORT
                0x20000038                COM_USART
                0x20000040                COM_TX_PORT
                0x20000048                COM_RX_PORT
 .data          0x20000050        0x4 ..\obj\heap_2.o
                0x20000054                . = ALIGN (0x4)
                0x20000054                _edata = .

.igot.plt       0x20000054        0x0 load address 0x08001688
 .igot.plt      0x00000000        0x0 ..\obj\stm3210e_eval.o

.bss            0x20000054     0x4918 load address 0x08001688
                0x20000054                _sbss = .
 *(.bss .bss.*)
 .bss           0x20000054      0x104 ..\obj\tasks.o
                0x20000054                pxCurrentTCB
 .bss           0x20000158     0x4814 ..\obj\heap_2.o
 *(COMMON)
                0x2000496c                . = ALIGN (0x4)
                0x2000496c                _ebss = .

.co_stack       0x2000496c      0x404 load address 0x08005fa0
                0x20004970                . = ALIGN (0x8)
 *fill*         0x2000496c        0x4 00
 *(.co_stack .co_stack.*)
 .co_stack      0x20004970      0x400 ..\obj\startup_stm32f10x_md.o
                0x20004970                pulStack
                0x20004d70                . = ALIGN (0x4)
                0x20004d70                _end = .
LOAD ..\obj\stm3210e_eval.o
LOAD ..\obj\core_cm3.o
LOAD ..\obj\system_stm32f10x.o
LOAD ..\obj\startup_stm32f10x_md.o
LOAD ..\obj\stm32f10x_gpio.o
LOAD ..\obj\stm32100e_eval.o
LOAD ..\obj\main.o
LOAD ..\obj\stm32100b_eval.o
LOAD ..\obj\timers.o
LOAD ..\obj\stm3210e_eval_lcd.o
LOAD ..\obj\stm3210c_eval.o
LOAD ..\obj\printf.o
LOAD ..\obj\stm32f10x_rcc.o
LOAD ..\obj\stm32f10x_exti.o
LOAD ..\obj\tasks.o
LOAD ..\obj\fonts.o
LOAD ..\obj\stm32f10x_usart.o
LOAD ..\obj\list.o
LOAD ..\obj\syscalls.o
LOAD ..\obj\stm32f10x_flash.o
LOAD ..\obj\port.o
LOAD ..\obj\queue.o
LOAD ..\obj\stm32f10x_dma.o
LOAD ..\obj\croutine.o
LOAD ..\obj\stm3210b_eval.o
LOAD ..\obj\stm32100e_eval_lcd.o
LOAD ..\obj\misc.o
LOAD ..\obj\stm3210c_eval_lcd.o
LOAD ..\obj\stm32f10x_spi.o
LOAD ..\obj\stm32f10x_i2c.o
LOAD ..\obj\stm3210b_eval_lcd.o
LOAD ..\obj\heap_2.o
LOAD ..\obj\stm32100b_eval_lcd.o
LOAD ..\..\..\..\..\..\..\..\..\Program Files\GNU Tools ARM Embedded\4.7 2013q1\arm-none-eabi\lib\armv7-m\libm.a
START GROUP
LOAD c:/program files/gnu tools arm embedded/4.7 2013q1/bin/../lib/gcc/arm-none-eabi/4.7.3/armv7-m\libgcc.a
LOAD ..\..\..\..\..\..\..\..\..\Program Files\GNU Tools ARM Embedded\4.7 2013q1\arm-none-eabi\lib\armv7-m\libc_s.a
END GROUP
OUTPUT(stm32_coffee_proxy.elf elf32-littlearm)

.debug_info     0x00000000     0x3874
 .debug_info    0x00000000      0x479 ..\obj\system_stm32f10x.o
 .debug_info    0x00000479       0xff ..\obj\startup_stm32f10x_md.o
 .debug_info    0x00000578      0x72e ..\obj\stm32f10x_gpio.o
 .debug_info    0x00000ca6      0x1a0 ..\obj\main.o
 .debug_info    0x00000e46      0x91a ..\obj\stm32f10x_rcc.o
 .debug_info    0x00001760      0xbd3 ..\obj\tasks.o
 .debug_info    0x00002333      0x2b6 ..\obj\list.o
 .debug_info    0x000025e9      0x21d ..\obj\port.o
 .debug_info    0x00002806      0xdc3 ..\obj\stm3210b_eval.o
 .debug_info    0x000035c9      0x2ab ..\obj\heap_2.o

.debug_abbrev   0x00000000      0xdfa
 .debug_abbrev  0x00000000      0x179 ..\obj\system_stm32f10x.o
 .debug_abbrev  0x00000179       0xa9 ..\obj\startup_stm32f10x_md.o
 .debug_abbrev  0x00000222      0x1ca ..\obj\stm32f10x_gpio.o
 .debug_abbrev  0x000003ec       0xe1 ..\obj\main.o
 .debug_abbrev  0x000004cd      0x1bc ..\obj\stm32f10x_rcc.o
 .debug_abbrev  0x00000689      0x201 ..\obj\tasks.o
 .debug_abbrev  0x0000088a       0xbe ..\obj\list.o
 .debug_abbrev  0x00000948      0x194 ..\obj\port.o
 .debug_abbrev  0x00000adc      0x1cc ..\obj\stm3210b_eval.o
 .debug_abbrev  0x00000ca8      0x152 ..\obj\heap_2.o

.debug_loc      0x00000000     0x18d5
 .debug_loc     0x00000000       0xc8 ..\obj\system_stm32f10x.o
 .debug_loc     0x000000c8       0x64 ..\obj\startup_stm32f10x_md.o
 .debug_loc     0x0000012c      0x3e4 ..\obj\stm32f10x_gpio.o
 .debug_loc     0x00000510       0xe0 ..\obj\main.o
 .debug_loc     0x000005f0      0x6dc ..\obj\stm32f10x_rcc.o
 .debug_loc     0x00000ccc      0x5ad ..\obj\tasks.o
 .debug_loc     0x00001279      0x118 ..\obj\list.o
 .debug_loc     0x00001391      0x16c ..\obj\port.o
 .debug_loc     0x000014fd      0x2d8 ..\obj\stm3210b_eval.o
 .debug_loc     0x000017d5      0x100 ..\obj\heap_2.o

.debug_aranges  0x00000000      0x4c8
 .debug_aranges
                0x00000000       0x38 ..\obj\system_stm32f10x.o
 .debug_aranges
                0x00000038       0x28 ..\obj\startup_stm32f10x_md.o
 .debug_aranges
                0x00000060       0xa8 ..\obj\stm32f10x_gpio.o
 .debug_aranges
                0x00000108       0x38 ..\obj\main.o
 .debug_aranges
                0x00000140      0x118 ..\obj\stm32f10x_rcc.o
 .debug_aranges
                0x00000258       0xf0 ..\obj\tasks.o
 .debug_aranges
                0x00000348       0x40 ..\obj\list.o
 .debug_aranges
                0x00000388       0x80 ..\obj\port.o
 .debug_aranges
                0x00000408       0x80 ..\obj\stm3210b_eval.o
 .debug_aranges
                0x00000488       0x40 ..\obj\heap_2.o

.debug_ranges   0x00000000      0x428
 .debug_ranges  0x00000000       0x28 ..\obj\system_stm32f10x.o
 .debug_ranges  0x00000028       0x18 ..\obj\startup_stm32f10x_md.o
 .debug_ranges  0x00000040       0x98 ..\obj\stm32f10x_gpio.o
 .debug_ranges  0x000000d8       0x28 ..\obj\main.o
 .debug_ranges  0x00000100      0x108 ..\obj\stm32f10x_rcc.o
 .debug_ranges  0x00000208       0xe0 ..\obj\tasks.o
 .debug_ranges  0x000002e8       0x30 ..\obj\list.o
 .debug_ranges  0x00000318       0x70 ..\obj\port.o
 .debug_ranges  0x00000388       0x70 ..\obj\stm3210b_eval.o
 .debug_ranges  0x000003f8       0x30 ..\obj\heap_2.o

.debug_line     0x00000000     0x1d98
 .debug_line    0x00000000      0x21e ..\obj\system_stm32f10x.o
 .debug_line    0x0000021e       0xc6 ..\obj\startup_stm32f10x_md.o
 .debug_line    0x000002e4      0x3f6 ..\obj\stm32f10x_gpio.o
 .debug_line    0x000006da      0x20c ..\obj\main.o
 .debug_line    0x000008e6      0x504 ..\obj\stm32f10x_rcc.o
 .debug_line    0x00000dea      0x5a1 ..\obj\tasks.o
 .debug_line    0x0000138b      0x1ed ..\obj\list.o
 .debug_line    0x00001578      0x218 ..\obj\port.o
 .debug_line    0x00001790      0x44c ..\obj\stm3210b_eval.o
 .debug_line    0x00001bdc      0x1bc ..\obj\heap_2.o

.debug_str      0x00000000     0x2088
 .debug_str     0x00000000      0x254 ..\obj\system_stm32f10x.o
                                0x2a6 (size before relaxing)
 .debug_str     0x00000254       0xd4 ..\obj\startup_stm32f10x_md.o
                                0x138 (size before relaxing)
 .debug_str     0x00000328      0x3e3 ..\obj\stm32f10x_gpio.o
                                0x4e0 (size before relaxing)
 .debug_str     0x0000070b      0x14e ..\obj\main.o
                                0x236 (size before relaxing)
 .debug_str     0x00000859      0x40c ..\obj\stm32f10x_rcc.o
                                0x5e1 (size before relaxing)
 .debug_str     0x00000c65      0x6ce ..\obj\tasks.o
                                0x854 (size before relaxing)
 .debug_str     0x00001333       0xed ..\obj\list.o
                                0x26d (size before relaxing)
 .debug_str     0x00001420      0x1aa ..\obj\port.o
                                0x276 (size before relaxing)
 .debug_str     0x000015ca      0x918 ..\obj\stm3210b_eval.o
                                0xb80 (size before relaxing)
 .debug_str     0x00001ee2      0x1a6 ..\obj\heap_2.o
                                0x293 (size before relaxing)

.comment        0x00000000       0x70
 .comment       0x00000000       0x70 ..\obj\system_stm32f10x.o
                                 0x71 (size before relaxing)
 .comment       0x00000000       0x71 ..\obj\startup_stm32f10x_md.o
 .comment       0x00000000       0x71 ..\obj\stm32f10x_gpio.o
 .comment       0x00000000       0x71 ..\obj\main.o
 .comment       0x00000000       0x71 ..\obj\stm32f10x_rcc.o
 .comment       0x00000000       0x71 ..\obj\tasks.o
 .comment       0x00000000       0x71 ..\obj\list.o
 .comment       0x00000000       0x71 ..\obj\port.o
 .comment       0x00000000       0x71 ..\obj\stm3210b_eval.o
 .comment       0x00000000       0x71 ..\obj\heap_2.o

.ARM.attributes
                0x00000000       0x33
 .ARM.attributes
                0x00000000       0x33 ..\obj\system_stm32f10x.o
 .ARM.attributes
                0x00000033       0x33 ..\obj\startup_stm32f10x_md.o
 .ARM.attributes
                0x00000066       0x33 ..\obj\stm32f10x_gpio.o
 .ARM.attributes
                0x00000099       0x33 ..\obj\main.o
 .ARM.attributes
                0x000000cc       0x33 ..\obj\stm32f10x_rcc.o
 .ARM.attributes
                0x000000ff       0x33 ..\obj\tasks.o
 .ARM.attributes
                0x00000132       0x33 ..\obj\list.o
 .ARM.attributes
                0x00000165       0x33 ..\obj\port.o
 .ARM.attributes
                0x00000198       0x33 ..\obj\stm3210b_eval.o
 .ARM.attributes
                0x000001cb       0x33 ..\obj\heap_2.o
 .ARM.attributes
                0x000001fe       0x2d ..\..\..\..\..\..\..\..\..\Program Files\GNU Tools ARM Embedded\4.7 2013q1\arm-none-eabi\lib\armv7-m\libc_s.a(lib_a-memset.o)
 .ARM.attributes
                0x0000022b       0x2d ..\..\..\..\..\..\..\..\..\Program Files\GNU Tools ARM Embedded\4.7 2013q1\arm-none-eabi\lib\armv7-m\libc_s.a(lib_a-strncpy.o)

.debug_frame    0x00000000      0xe80
 .debug_frame   0x00000000       0x80 ..\obj\system_stm32f10x.o
 .debug_frame   0x00000080       0x48 ..\obj\startup_stm32f10x_md.o
 .debug_frame   0x000000c8      0x210 ..\obj\stm32f10x_gpio.o
 .debug_frame   0x000002d8       0x88 ..\obj\main.o
 .debug_frame   0x00000360      0x388 ..\obj\stm32f10x_rcc.o
 .debug_frame   0x000006e8      0x33c ..\obj\tasks.o
 .debug_frame   0x00000a24       0x9c ..\obj\list.o
 .debug_frame   0x00000ac0      0x134 ..\obj\port.o
 .debug_frame   0x00000bf4      0x1a4 ..\obj\stm3210b_eval.o
 .debug_frame   0x00000d98       0x9c ..\obj\heap_2.o
 .debug_frame   0x00000e34       0x20 ..\..\..\..\..\..\..\..\..\Program Files\GNU Tools ARM Embedded\4.7 2013q1\arm-none-eabi\lib\armv7-m\libc_s.a(lib_a-memset.o)
 .debug_frame   0x00000e54       0x2c ..\..\..\..\..\..\..\..\..\Program Files\GNU Tools ARM Embedded\4.7 2013q1\arm-none-eabi\lib\armv7-m\libc_s.a(lib_a-strncpy.o)
